<html>
<body>
<pre>
<h1>µVision Build Log</h1>
<h2>Project:</h2>
E:\EIDE project\STM32F407VET6-A3-³¬Éù²¨²â¾à20210101\STM32F407VET6-A3-³¬Éù²¨²â¾à20210101\USER\HCSR04.uvprojx
Project File Date:  06/02/2026

<h2>Output:</h2>
Build target 'hcsr04'
compiling main.c...
linking...
Program Size: Code=12848 RO-data=424 RW-data=5532 ZI-data=2428  
FromELF: creating hex file...
"..\OBJ\HCSR04.axf" - 0 Error(s), 0 Warning(s).
Load "..\\OBJ\\HCSR04.axf" 
Set JLink Project File to "E:\EIDE project\STM32F407VET6-A3-³¬Éù²¨²â¾à20210101\STM32F407VET6-A3-³¬Éù²¨²â¾à20210101\USER\JLinkSettings.ini"
* JLink Info: Device "STM32F407VE" selected.
 
JLink info:
------------
DLL: V9.24a, compiled Mar  5 2026 10:55:30
Firmware: J-Link V9 compiled May  7 2021 16:26:12
Hardware: V9.50
S/N : 695547165 
Feature(s) : JFlash, GDB, RDI, FlashBP, FlashDL 
 
* JLink Info: InitTarget() start
* JLink Info: SWD selected. Executing JTAG -> SWD switching sequence.
* JLink Info: DAP initialized successfully.
* JLink Info: InitTarget() end - Took 14.7ms
* JLink Info: Found SW-DP with ID 0x2BA01477
* JLink Info: DPIDR: 0x2BA01477
* JLink Info: CoreSight SoC-400 or earlier
* JLink Info: Scanning AP map to find all available APs
* JLink Info: AP[1]: Stopped AP scan as end of AP map has been reached
* JLink Info: AP[0]: AHB-AP (IDR: 0x24770011, ADDR: 0x00000000)
* JLink Info: Iterating through AP map to find AHB-AP to use
* JLink Info: AP[0]: Core found
* JLink Info: AP[0]: AHB-AP ROM base: 0xE00FF000
* JLink Info: CPUID register: 0x410FC241. Implementer code: 0x41 (ARM)
* JLink Info: Found Cortex-M4 r0p1, Little endian.
* JLink Info: FPUnit: 6 code (BP) slots and 2 literal slots
* JLink Info: CoreSight components:
* JLink Info: ROMTbl[0] @ E00FF000
* JLink Info: [0][0]: E000E000 CID B105E00D PID 000BB00C SCS-M7
* JLink Info: [0][1]: E0001000 CID B105E00D PID 003BB002 DWT
* JLink Info: [0][2]: E0002000 CID B105E00D PID 002BB003 FPB
* JLink Info: [0][3]: E0000000 CID B105E00D PID 003BB001 ITM
* JLink Info: [0][4]: E0040000 CID B105900D PID 000BB9A1 TPIU
* JLink Info: [0][5]: E0041000 CID B105900D PID 000BB925 ETM
ROMTableAddr = 0xE00FF003
* JLink Info: Reset type: NORMAL (https://kb.segger.com/J-Link_Reset_Strategies)
* JLink Info: Reset: Halt core after reset via DEMCR.VC_CORERESET.
* JLink Info: Reset: Reset device via AIRCR.SYSRESETREQ.
 
Target info:
------------
Device: STM32F407VE
VTarget = 3.306V
State of Pins: 
TCK: 0, TDI: 0, TDO: 1, TMS: 1, TRES: 1, TRST: 1
Hardware-Breakpoints: 6
Software-Breakpoints: 8192
Watchpoints:          4
JTAG speed: 500 kHz
 
* JLink Info: Memory map 'after startup completion point' is active
Erase Done.
Programming Done.
Verify OK.
* JLink Info: OnDisconnectTarget() start
* JLink Info: OnDisconnectTarget() end - Took 1.75ms
</pre>
</body>
</html>
ints:          4
JTAG speed: 500 kHz
 
* JLink Info: Memory map 'after startup completion point' is active
Erase Done.
Programming Done.
Verify OK.
* JLink Info: OnDisconnectTarget() start
* JLink Info: OnDisconnectTarget() end - Took 1.75ms
